------------------------------------------------------------
TimeQuest Timing Analyzer Summary
------------------------------------------------------------

Type  : Slow 1200mV 85C Model Setup 'p1|altpll_component|pll|clk[2]'
Slack : -169.037
TNS   : -4055.689

Type  : Slow 1200mV 85C Model Setup 'vga_controller:vga_ins|clk'
Slack : -48.815
TNS   : -23481.836

Type  : Slow 1200mV 85C Model Setup 'vga_controller:vga_ins|key'
Slack : -41.197
TNS   : -487.211

Type  : Slow 1200mV 85C Model Setup 'CLOCK_50'
Slack : 13.405
TNS   : 0.000

Type  : Slow 1200mV 85C Model Hold 'p1|altpll_component|pll|clk[2]'
Slack : -0.158
TNS   : -0.158

Type  : Slow 1200mV 85C Model Hold 'vga_controller:vga_ins|key'
Slack : 0.384
TNS   : 0.000

Type  : Slow 1200mV 85C Model Hold 'vga_controller:vga_ins|clk'
Slack : 0.402
TNS   : 0.000

Type  : Slow 1200mV 85C Model Hold 'CLOCK_50'
Slack : 0.403
TNS   : 0.000

Type  : Slow 1200mV 85C Model Recovery 'p1|altpll_component|pll|clk[2]'
Slack : 12.608
TNS   : 0.000

Type  : Slow 1200mV 85C Model Removal 'p1|altpll_component|pll|clk[2]'
Slack : 4.073
TNS   : 0.000

Type  : Slow 1200mV 85C Model Minimum Pulse Width 'vga_controller:vga_ins|clk'
Slack : -1.285
TNS   : -715.745

Type  : Slow 1200mV 85C Model Minimum Pulse Width 'vga_controller:vga_ins|key'
Slack : -1.285
TNS   : -15.420

Type  : Slow 1200mV 85C Model Minimum Pulse Width 'CLOCK_50'
Slack : 9.756
TNS   : 0.000

Type  : Slow 1200mV 85C Model Minimum Pulse Width 'p1|altpll_component|pll|clk[2]'
Slack : 19.714
TNS   : 0.000

Type  : Slow 1200mV 0C Model Setup 'p1|altpll_component|pll|clk[2]'
Slack : -152.935
TNS   : -3669.292

Type  : Slow 1200mV 0C Model Setup 'vga_controller:vga_ins|clk'
Slack : -44.368
TNS   : -21223.363

Type  : Slow 1200mV 0C Model Setup 'vga_controller:vga_ins|key'
Slack : -37.100
TNS   : -438.838

Type  : Slow 1200mV 0C Model Setup 'CLOCK_50'
Slack : 13.852
TNS   : 0.000

Type  : Slow 1200mV 0C Model Hold 'p1|altpll_component|pll|clk[2]'
Slack : -0.246
TNS   : -0.246

Type  : Slow 1200mV 0C Model Hold 'vga_controller:vga_ins|key'
Slack : 0.337
TNS   : 0.000

Type  : Slow 1200mV 0C Model Hold 'vga_controller:vga_ins|clk'
Slack : 0.353
TNS   : 0.000

Type  : Slow 1200mV 0C Model Hold 'CLOCK_50'
Slack : 0.354
TNS   : 0.000

Type  : Slow 1200mV 0C Model Recovery 'p1|altpll_component|pll|clk[2]'
Slack : 13.307
TNS   : 0.000

Type  : Slow 1200mV 0C Model Removal 'p1|altpll_component|pll|clk[2]'
Slack : 3.581
TNS   : 0.000

Type  : Slow 1200mV 0C Model Minimum Pulse Width 'vga_controller:vga_ins|clk'
Slack : -1.285
TNS   : -715.745

Type  : Slow 1200mV 0C Model Minimum Pulse Width 'vga_controller:vga_ins|key'
Slack : -1.285
TNS   : -15.420

Type  : Slow 1200mV 0C Model Minimum Pulse Width 'CLOCK_50'
Slack : 9.777
TNS   : 0.000

Type  : Slow 1200mV 0C Model Minimum Pulse Width 'p1|altpll_component|pll|clk[2]'
Slack : 19.714
TNS   : 0.000

Type  : Fast 1200mV 0C Model Setup 'p1|altpll_component|pll|clk[2]'
Slack : -81.597
TNS   : -1957.153

Type  : Fast 1200mV 0C Model Setup 'vga_controller:vga_ins|clk'
Slack : -24.115
TNS   : -11599.598

Type  : Fast 1200mV 0C Model Setup 'vga_controller:vga_ins|key'
Slack : -20.341
TNS   : -240.537

Type  : Fast 1200mV 0C Model Setup 'CLOCK_50'
Slack : 16.548
TNS   : 0.000

Type  : Fast 1200mV 0C Model Hold 'p1|altpll_component|pll|clk[2]'
Slack : -0.138
TNS   : -0.138

Type  : Fast 1200mV 0C Model Hold 'vga_controller:vga_ins|key'
Slack : 0.172
TNS   : 0.000

Type  : Fast 1200mV 0C Model Hold 'vga_controller:vga_ins|clk'
Slack : 0.181
TNS   : 0.000

Type  : Fast 1200mV 0C Model Hold 'CLOCK_50'
Slack : 0.182
TNS   : 0.000

Type  : Fast 1200mV 0C Model Recovery 'p1|altpll_component|pll|clk[2]'
Slack : 15.932
TNS   : 0.000

Type  : Fast 1200mV 0C Model Removal 'p1|altpll_component|pll|clk[2]'
Slack : 2.034
TNS   : 0.000

Type  : Fast 1200mV 0C Model Minimum Pulse Width 'vga_controller:vga_ins|clk'
Slack : -1.000
TNS   : -557.000

Type  : Fast 1200mV 0C Model Minimum Pulse Width 'vga_controller:vga_ins|key'
Slack : -1.000
TNS   : -12.000

Type  : Fast 1200mV 0C Model Minimum Pulse Width 'CLOCK_50'
Slack : 9.437
TNS   : 0.000

Type  : Fast 1200mV 0C Model Minimum Pulse Width 'p1|altpll_component|pll|clk[2]'
Slack : 19.746
TNS   : 0.000

------------------------------------------------------------
