------------------------------------------------------------
TimeQuest Timing Analyzer Summary
------------------------------------------------------------

Type  : Slow 1200mV 85C Model Setup 'frequency_divider:frediv_2|out_clk'
Slack : -20.435
TNS   : -19495.442

Type  : Slow 1200mV 85C Model Setup 'frequency_divider:frediv_1|out_clk'
Slack : -18.131
TNS   : -649.398

Type  : Slow 1200mV 85C Model Setup 'clock'
Slack : -2.569
TNS   : -39.265

Type  : Slow 1200mV 85C Model Hold 'frequency_divider:frediv_1|out_clk'
Slack : 0.833
TNS   : 0.000

Type  : Slow 1200mV 85C Model Hold 'clock'
Slack : 1.134
TNS   : 0.000

Type  : Slow 1200mV 85C Model Hold 'frequency_divider:frediv_2|out_clk'
Slack : 1.962
TNS   : 0.000

Type  : Slow 1200mV 85C Model Minimum Pulse Width 'clock'
Slack : -3.000
TNS   : -47.373

Type  : Slow 1200mV 85C Model Minimum Pulse Width 'frequency_divider:frediv_1|out_clk'
Slack : -2.693
TNS   : -130.549

Type  : Slow 1200mV 85C Model Minimum Pulse Width 'frequency_divider:frediv_2|out_clk'
Slack : -1.285
TNS   : -1315.840

Type  : Slow 1200mV 0C Model Setup 'frequency_divider:frediv_2|out_clk'
Slack : -18.677
TNS   : -17864.368

Type  : Slow 1200mV 0C Model Setup 'frequency_divider:frediv_1|out_clk'
Slack : -16.597
TNS   : -596.192

Type  : Slow 1200mV 0C Model Setup 'clock'
Slack : -2.256
TNS   : -34.788

Type  : Slow 1200mV 0C Model Hold 'frequency_divider:frediv_1|out_clk'
Slack : 0.802
TNS   : 0.000

Type  : Slow 1200mV 0C Model Hold 'clock'
Slack : 1.056
TNS   : 0.000

Type  : Slow 1200mV 0C Model Hold 'frequency_divider:frediv_2|out_clk'
Slack : 1.777
TNS   : 0.000

Type  : Slow 1200mV 0C Model Minimum Pulse Width 'clock'
Slack : -3.000
TNS   : -46.669

Type  : Slow 1200mV 0C Model Minimum Pulse Width 'frequency_divider:frediv_1|out_clk'
Slack : -2.649
TNS   : -128.437

Type  : Slow 1200mV 0C Model Minimum Pulse Width 'frequency_divider:frediv_2|out_clk'
Slack : -1.285
TNS   : -1315.840

Type  : Fast 1200mV 0C Model Setup 'frequency_divider:frediv_2|out_clk'
Slack : -9.615
TNS   : -9154.117

Type  : Fast 1200mV 0C Model Setup 'frequency_divider:frediv_1|out_clk'
Slack : -8.573
TNS   : -301.897

Type  : Fast 1200mV 0C Model Setup 'clock'
Slack : -1.261
TNS   : -18.714

Type  : Fast 1200mV 0C Model Hold 'frequency_divider:frediv_1|out_clk'
Slack : 0.439
TNS   : 0.000

Type  : Fast 1200mV 0C Model Hold 'clock'
Slack : 0.501
TNS   : 0.000

Type  : Fast 1200mV 0C Model Hold 'frequency_divider:frediv_2|out_clk'
Slack : 0.878
TNS   : 0.000

Type  : Fast 1200mV 0C Model Minimum Pulse Width 'clock'
Slack : -3.000
TNS   : -22.070

Type  : Fast 1200mV 0C Model Minimum Pulse Width 'frequency_divider:frediv_2|out_clk'
Slack : -1.000
TNS   : -1024.000

Type  : Fast 1200mV 0C Model Minimum Pulse Width 'frequency_divider:frediv_1|out_clk'
Slack : -1.000
TNS   : -49.000

------------------------------------------------------------
